{
  "name": "insightprep",
  "version": "1.0.0",
  "description": "InsightPrep - Where Preparation Meets Reflection",
  "main": "main.js",
  "scripts": {
    "start": "electron ."
  },
  "keywords": [],
  "author": "Girish.V, Swamy's Group of Schools, Chennai",
  "license": "MIT",
  "dependencies": {
    "electron": "^38.1.1"
  },
  "devDependencies": {
    "electron-packager": "^17.1.2"
  }
}
